// Jest Snapshot v1, https://goo.gl/fbAQLP

exports[`PageTitle renders correctly 1`] = `
<div
  className=""
>
  <WithStyles(Typography)
    color="primary"
    variant="h3"
  >
    Title
  </WithStyles(Typography)>
</div>
`;
