// Jest Snapshot v1, https://goo.gl/fbAQLP

exports[`CalendarSection renders correctly 1`] = `
<div>
  <Section
    classes={
      Object {
        "container": "",
        "header": "",
        "paper": "",
        "text": "",
      }
    }
    leftHeaderContent="10:30 - 12:00"
    onClick={[Function]}
    rightHeaderContent="undefined undefined"
    sectionName=""
  />
  <Connect(Component)
    section={
      Object {
        "course": "101-1",
        "event": Object {
          "dow": "Mo",
          "end": Object {
            "hour": 12,
            "minute": 0,
          },
          "start": Object {
            "hour": 10,
            "minute": 30,
          },
        },
        "id": "12345",
      }
    }
    showDialog={false}
    toggleDialog={[Function]}
  />
</div>
`;
