// Jest Snapshot v1, https://goo.gl/fbAQLP

exports[`CalendarView renders correctly 1`] = `
ShallowWrapper {
  Symbol(enzyme.__root__): [Circular],
  Symbol(enzyme.__unrendered__): <CalendarView
    classes={
      Object {
        "calendarRoot": "",
        "dowColumns": "",
      }
    }
    sections={Array []}
  />,
  Symbol(enzyme.__renderer__): Object {
    "batchedUpdates": [Function],
    "getNode": [Function],
    "render": [Function],
    "simulateError": [Function],
    "simulateEvent": [Function],
    "unmount": [Function],
  },
  Symbol(enzyme.__node__): Object {
    "instance": null,
    "key": undefined,
    "nodeType": "host",
    "props": Object {
      "children": Array [
        <WithStyles(HoursColumn)
          hours={
            Array [
              8,
              9,
              10,
              11,
              12,
              13,
              14,
              15,
              16,
              17,
              18,
              19,
              20,
              21,
              22,
            ]
          }
        />,
        <div
          className=""
        >
          <WithStyles(DowColumn)
            dow="Mon"
            sections={Array []}
          />
          <WithStyles(DowColumn)
            dow="Tue"
            sections={Array []}
          />
          <WithStyles(DowColumn)
            dow="Wed"
            sections={Array []}
          />
          <WithStyles(DowColumn)
            dow="Thu"
            sections={Array []}
          />
          <WithStyles(DowColumn)
            dow="Fri"
            sections={Array []}
          />
        </div>,
      ],
      "className": "",
    },
    "ref": null,
    "rendered": Array [
      Object {
        "instance": null,
        "key": undefined,
        "nodeType": "class",
        "props": Object {
          "hours": Array [
            8,
            9,
            10,
            11,
            12,
            13,
            14,
            15,
            16,
            17,
            18,
            19,
            20,
            21,
            22,
          ],
        },
        "ref": null,
        "rendered": null,
        "type": [Function],
      },
      Object {
        "instance": null,
        "key": undefined,
        "nodeType": "host",
        "props": Object {
          "children": Array [
            <WithStyles(DowColumn)
              dow="Mon"
              sections={Array []}
            />,
            <WithStyles(DowColumn)
              dow="Tue"
              sections={Array []}
            />,
            <WithStyles(DowColumn)
              dow="Wed"
              sections={Array []}
            />,
            <WithStyles(DowColumn)
              dow="Thu"
              sections={Array []}
            />,
            <WithStyles(DowColumn)
              dow="Fri"
              sections={Array []}
            />,
          ],
          "className": "",
        },
        "ref": null,
        "rendered": Array [
          Object {
            "instance": null,
            "key": "Mon",
            "nodeType": "class",
            "props": Object {
              "dow": "Mon",
              "sections": Array [],
            },
            "ref": null,
            "rendered": null,
            "type": [Function],
          },
          Object {
            "instance": null,
            "key": "Tue",
            "nodeType": "class",
            "props": Object {
              "dow": "Tue",
              "sections": Array [],
            },
            "ref": null,
            "rendered": null,
            "type": [Function],
          },
          Object {
            "instance": null,
            "key": "Wed",
            "nodeType": "class",
            "props": Object {
              "dow": "Wed",
              "sections": Array [],
            },
            "ref": null,
            "rendered": null,
            "type": [Function],
          },
          Object {
            "instance": null,
            "key": "Thu",
            "nodeType": "class",
            "props": Object {
              "dow": "Thu",
              "sections": Array [],
            },
            "ref": null,
            "rendered": null,
            "type": [Function],
          },
          Object {
            "instance": null,
            "key": "Fri",
            "nodeType": "class",
            "props": Object {
              "dow": "Fri",
              "sections": Array [],
            },
            "ref": null,
            "rendered": null,
            "type": [Function],
          },
        ],
        "type": "div",
      },
    ],
    "type": "div",
  },
  Symbol(enzyme.__nodes__): Array [
    Object {
      "instance": null,
      "key": undefined,
      "nodeType": "host",
      "props": Object {
        "children": Array [
          <WithStyles(HoursColumn)
            hours={
              Array [
                8,
                9,
                10,
                11,
                12,
                13,
                14,
                15,
                16,
                17,
                18,
                19,
                20,
                21,
                22,
              ]
            }
          />,
          <div
            className=""
          >
            <WithStyles(DowColumn)
              dow="Mon"
              sections={Array []}
            />
            <WithStyles(DowColumn)
              dow="Tue"
              sections={Array []}
            />
            <WithStyles(DowColumn)
              dow="Wed"
              sections={Array []}
            />
            <WithStyles(DowColumn)
              dow="Thu"
              sections={Array []}
            />
            <WithStyles(DowColumn)
              dow="Fri"
              sections={Array []}
            />
          </div>,
        ],
        "className": "",
      },
      "ref": null,
      "rendered": Array [
        Object {
          "instance": null,
          "key": undefined,
          "nodeType": "class",
          "props": Object {
            "hours": Array [
              8,
              9,
              10,
              11,
              12,
              13,
              14,
              15,
              16,
              17,
              18,
              19,
              20,
              21,
              22,
            ],
          },
          "ref": null,
          "rendered": null,
          "type": [Function],
        },
        Object {
          "instance": null,
          "key": undefined,
          "nodeType": "host",
          "props": Object {
            "children": Array [
              <WithStyles(DowColumn)
                dow="Mon"
                sections={Array []}
              />,
              <WithStyles(DowColumn)
                dow="Tue"
                sections={Array []}
              />,
              <WithStyles(DowColumn)
                dow="Wed"
                sections={Array []}
              />,
              <WithStyles(DowColumn)
                dow="Thu"
                sections={Array []}
              />,
              <WithStyles(DowColumn)
                dow="Fri"
                sections={Array []}
              />,
            ],
            "className": "",
          },
          "ref": null,
          "rendered": Array [
            Object {
              "instance": null,
              "key": "Mon",
              "nodeType": "class",
              "props": Object {
                "dow": "Mon",
                "sections": Array [],
              },
              "ref": null,
              "rendered": null,
              "type": [Function],
            },
            Object {
              "instance": null,
              "key": "Tue",
              "nodeType": "class",
              "props": Object {
                "dow": "Tue",
                "sections": Array [],
              },
              "ref": null,
              "rendered": null,
              "type": [Function],
            },
            Object {
              "instance": null,
              "key": "Wed",
              "nodeType": "class",
              "props": Object {
                "dow": "Wed",
                "sections": Array [],
              },
              "ref": null,
              "rendered": null,
              "type": [Function],
            },
            Object {
              "instance": null,
              "key": "Thu",
              "nodeType": "class",
              "props": Object {
                "dow": "Thu",
                "sections": Array [],
              },
              "ref": null,
              "rendered": null,
              "type": [Function],
            },
            Object {
              "instance": null,
              "key": "Fri",
              "nodeType": "class",
              "props": Object {
                "dow": "Fri",
                "sections": Array [],
              },
              "ref": null,
              "rendered": null,
              "type": [Function],
            },
          ],
          "type": "div",
        },
      ],
      "type": "div",
    },
  ],
  Symbol(enzyme.__options__): Object {
    "adapter": ReactSixteenAdapter {
      "options": Object {
        "enableComponentDidUpdateOnSetState": true,
        "lifecycles": Object {
          "componentDidUpdate": Object {
            "onSetState": true,
          },
          "getDerivedStateFromProps": true,
          "getSnapshotBeforeUpdate": true,
          "setState": Object {
            "skipsComponentDidUpdateOnNullish": true,
          },
        },
      },
    },
    "attachTo": undefined,
    "hydrateIn": undefined,
  },
}
`;
