// Jest Snapshot v1, https://goo.gl/fbAQLP

exports[`CartSection renders correctly 1`] = `
<React.Fragment>
  <Section
    classes={
      Object {
        "container": "",
        "header": "",
        "paper": "",
        "text": "",
      }
    }
    leftHeaderContent="schedules"
    onClick={[Function]}
    rightHeaderContent="EECS 111-0"
    sectionName=""
  />
  <Connect(Component)
    section={
      Object {
        "courseId": "111-0",
        "schedules": Array [
          Object {},
        ],
        "subjectId": "EECS",
      }
    }
    showDialog={false}
    toggleDialog={[Function]}
  />
</React.Fragment>
`;
