// Jest Snapshot v1, https://goo.gl/fbAQLP

exports[`Cart renders correctly 1`] = `
<React.Fragment>
  <ForwardRef(WithStyles)
    container={true}
    direction="row"
    justify="space-between"
  >
    <ForwardRef(WithStyles)
      className="makeStyles-cartHeading-1"
      variant="h5"
    >
      0
       
      Classes
    </ForwardRef(WithStyles)>
  </ForwardRef(WithStyles)>
</React.Fragment>
`;

exports[`Cart renders correctly with multiple sections with the same id 1`] = `
<React.Fragment>
  <ForwardRef(WithStyles)
    container={true}
    direction="row"
    justify="space-between"
  >
    <ForwardRef(WithStyles)
      className="makeStyles-cartHeading-1"
      variant="h5"
    >
      1
       
      Class
    </ForwardRef(WithStyles)>
    <ForwardRef(WithStyles)
      onClick={[Function]}
    >
       Remove All 
    </ForwardRef(WithStyles)>
  </ForwardRef(WithStyles)>
  <CartSection
    section={
      Object {
        "courseId": "101-1",
        "descriptions": Array [
          Object {
            "name": "",
            "value": "",
          },
        ],
        "id": "12345",
        "instructors": Array [
          "",
        ],
        "name": "Introduction to Something",
        "schedules": Array [
          Object {
            "dow": Array [
              "Mo",
            ],
            "end": Object {
              "hour": 12,
              "minute": 0,
            },
            "location": "Somewhere",
            "start": Object {
              "hour": 10,
              "minute": 30,
            },
          },
        ],
        "schoolId": "MEAS",
        "sectionNumber": "1",
        "subjectId": "COMP_SCI",
        "termId": "111111",
        "topic": "Section topic...",
      }
    }
  />
</React.Fragment>
`;

exports[`Cart renders correctly with one section 1`] = `
<React.Fragment>
  <ForwardRef(WithStyles)
    container={true}
    direction="row"
    justify="space-between"
  >
    <ForwardRef(WithStyles)
      className="makeStyles-cartHeading-1"
      variant="h5"
    >
      1
       
      Class
    </ForwardRef(WithStyles)>
    <ForwardRef(WithStyles)
      onClick={[Function]}
    >
       Remove All 
    </ForwardRef(WithStyles)>
  </ForwardRef(WithStyles)>
  <CartSection
    section={
      Object {
        "courseId": "101-1",
        "descriptions": Array [
          Object {
            "name": "",
            "value": "",
          },
        ],
        "id": "12345",
        "instructors": Array [
          "",
        ],
        "name": "Introduction to Something",
        "schedules": Array [
          Object {
            "dow": Array [
              "Mo",
            ],
            "end": Object {
              "hour": 12,
              "minute": 0,
            },
            "location": "Somewhere",
            "start": Object {
              "hour": 10,
              "minute": 30,
            },
          },
        ],
        "schoolId": "MEAS",
        "sectionNumber": "1",
        "subjectId": "COMP_SCI",
        "termId": "111111",
        "topic": "Section topic...",
      }
    }
  />
</React.Fragment>
`;
