// Jest Snapshot v1, https://goo.gl/fbAQLP

exports[`TopBar renders correctly 1`] = `
<ForwardRef(WithStyles)
  position="static"
>
  <ForwardRef(WithStyles)
    className="makeStyles-toolbar-3"
  >
    <div
      className="makeStyles-topBarLeftSection-4"
    >
      <ForwardRef(WithStyles)
        aria-label="Navigation"
        onClick={[Function]}
      >
        <pure(Menu)
          className="makeStyles-icon-2"
        />
      </ForwardRef(WithStyles)>
      <ForwardRef(WithStyles)
        className="makeStyles-title-1"
        variant="h5"
      >
        Serif.nu
      </ForwardRef(WithStyles)>
    </div>
    <ForwardRef(WithStyles)
      className="makeStyles-title-1"
    >
      Term: Fall 2019
    </ForwardRef(WithStyles)>
  </ForwardRef(WithStyles)>
</ForwardRef(WithStyles)>
`;
