// Jest Snapshot v1, https://goo.gl/fbAQLP

exports[`SectionResult renders correctly 1`] = `
ShallowWrapper {
  Symbol(enzyme.__root__): [Circular],
  Symbol(enzyme.__unrendered__): <SectionResult
    addSection={[Function]}
    classes={
      Object {
        "sectionTitle": "",
      }
    }
    disabled={false}
    section={
      Object {
        "id": "198732",
        "instructors": Array [
          "A prof",
        ],
        "schedule": Array [
          Object {
            "location": "somewhere",
          },
        ],
        "sectionNumber": 20,
        "topic": "Section topic...",
      }
    }
    sectionHover={[Function]}
    sectionHoverOff={[Function]}
  />,
  Symbol(enzyme.__renderer__): Object {
    "batchedUpdates": [Function],
    "getNode": [Function],
    "render": [Function],
    "simulateError": [Function],
    "simulateEvent": [Function],
    "unmount": [Function],
  },
  Symbol(enzyme.__node__): Object {
    "instance": null,
    "key": "198732",
    "nodeType": "class",
    "props": Object {
      "button": true,
      "children": <WithStyles(ListItemText)>
        <WithStyles(Typography)
          className=""
          variant="h6"
        >
          Section 20
        </WithStyles(Typography)>
        <WithStyles(Typography)>
          Section topic...
        </WithStyles(Typography)>
        <WithStyles(Typography)>
          MWF 10 - 12ish
        </WithStyles(Typography)>
        <WithStyles(Typography)>
          somewhere
        </WithStyles(Typography)>
        <WithStyles(Typography)>
          A prof
        </WithStyles(Typography)>
      </WithStyles(ListItemText)>,
      "disabled": false,
      "onClick": [Function],
      "onMouseEnter": [Function],
      "onMouseLeave": [Function],
    },
    "ref": null,
    "rendered": Object {
      "instance": null,
      "key": undefined,
      "nodeType": "class",
      "props": Object {
        "children": Array [
          <WithStyles(Typography)
            className=""
            variant="h6"
          >
            Section 20
          </WithStyles(Typography)>,
          <WithStyles(Typography)>
            Section topic...
          </WithStyles(Typography)>,
          Array [
            <WithStyles(Typography)>
              MWF 10 - 12ish
            </WithStyles(Typography)>,
          ],
          <WithStyles(Typography)>
            somewhere
          </WithStyles(Typography)>,
          <WithStyles(Typography)>
            A prof
          </WithStyles(Typography)>,
        ],
      },
      "ref": null,
      "rendered": Array [
        Object {
          "instance": null,
          "key": undefined,
          "nodeType": "class",
          "props": Object {
            "children": "Section 20",
            "className": "",
            "variant": "h6",
          },
          "ref": null,
          "rendered": "Section 20",
          "type": [Function],
        },
        Object {
          "instance": null,
          "key": undefined,
          "nodeType": "class",
          "props": Object {
            "children": "Section topic...",
          },
          "ref": null,
          "rendered": "Section topic...",
          "type": [Function],
        },
        Object {
          "instance": null,
          "key": "0",
          "nodeType": "class",
          "props": Object {
            "children": "MWF 10 - 12ish",
            "color": undefined,
          },
          "ref": null,
          "rendered": "MWF 10 - 12ish",
          "type": [Function],
        },
        Object {
          "instance": null,
          "key": undefined,
          "nodeType": "class",
          "props": Object {
            "children": "somewhere",
          },
          "ref": null,
          "rendered": "somewhere",
          "type": [Function],
        },
        Object {
          "instance": null,
          "key": undefined,
          "nodeType": "class",
          "props": Object {
            "children": Array [
              "A prof",
            ],
          },
          "ref": null,
          "rendered": Array [
            "A prof",
          ],
          "type": [Function],
        },
      ],
      "type": [Function],
    },
    "type": [Function],
  },
  Symbol(enzyme.__nodes__): Array [
    Object {
      "instance": null,
      "key": "198732",
      "nodeType": "class",
      "props": Object {
        "button": true,
        "children": <WithStyles(ListItemText)>
          <WithStyles(Typography)
            className=""
            variant="h6"
          >
            Section 20
          </WithStyles(Typography)>
          <WithStyles(Typography)>
            Section topic...
          </WithStyles(Typography)>
          <WithStyles(Typography)>
            MWF 10 - 12ish
          </WithStyles(Typography)>
          <WithStyles(Typography)>
            somewhere
          </WithStyles(Typography)>
          <WithStyles(Typography)>
            A prof
          </WithStyles(Typography)>
        </WithStyles(ListItemText)>,
        "disabled": false,
        "onClick": [Function],
        "onMouseEnter": [Function],
        "onMouseLeave": [Function],
      },
      "ref": null,
      "rendered": Object {
        "instance": null,
        "key": undefined,
        "nodeType": "class",
        "props": Object {
          "children": Array [
            <WithStyles(Typography)
              className=""
              variant="h6"
            >
              Section 20
            </WithStyles(Typography)>,
            <WithStyles(Typography)>
              Section topic...
            </WithStyles(Typography)>,
            Array [
              <WithStyles(Typography)>
                MWF 10 - 12ish
              </WithStyles(Typography)>,
            ],
            <WithStyles(Typography)>
              somewhere
            </WithStyles(Typography)>,
            <WithStyles(Typography)>
              A prof
            </WithStyles(Typography)>,
          ],
        },
        "ref": null,
        "rendered": Array [
          Object {
            "instance": null,
            "key": undefined,
            "nodeType": "class",
            "props": Object {
              "children": "Section 20",
              "className": "",
              "variant": "h6",
            },
            "ref": null,
            "rendered": "Section 20",
            "type": [Function],
          },
          Object {
            "instance": null,
            "key": undefined,
            "nodeType": "class",
            "props": Object {
              "children": "Section topic...",
            },
            "ref": null,
            "rendered": "Section topic...",
            "type": [Function],
          },
          Object {
            "instance": null,
            "key": "0",
            "nodeType": "class",
            "props": Object {
              "children": "MWF 10 - 12ish",
              "color": undefined,
            },
            "ref": null,
            "rendered": "MWF 10 - 12ish",
            "type": [Function],
          },
          Object {
            "instance": null,
            "key": undefined,
            "nodeType": "class",
            "props": Object {
              "children": "somewhere",
            },
            "ref": null,
            "rendered": "somewhere",
            "type": [Function],
          },
          Object {
            "instance": null,
            "key": undefined,
            "nodeType": "class",
            "props": Object {
              "children": Array [
                "A prof",
              ],
            },
            "ref": null,
            "rendered": Array [
              "A prof",
            ],
            "type": [Function],
          },
        ],
        "type": [Function],
      },
      "type": [Function],
    },
  ],
  Symbol(enzyme.__options__): Object {
    "adapter": ReactSixteenAdapter {
      "options": Object {
        "enableComponentDidUpdateOnSetState": true,
        "lifecycles": Object {
          "componentDidUpdate": Object {
            "onSetState": true,
          },
          "getDerivedStateFromProps": true,
          "getSnapshotBeforeUpdate": true,
          "setState": Object {
            "skipsComponentDidUpdateOnNullish": true,
          },
        },
      },
    },
    "attachTo": undefined,
    "hydrateIn": undefined,
  },
}
`;
