// Jest Snapshot v1, https://goo.gl/fbAQLP

exports[`SectionSelection renders correctly 1`] = `
<div
  className="makeStyles-sectionsRoot-1"
>
  <SidebarHeader
    back={[Function]}
    title="EECS 101-0"
  />
  <ForwardRef(WithStyles)>
    <SectionResult
      addSection={[Function]}
      disabled={false}
      section={
        Object {
          "id": "1",
          "instructors": Array [
            "Jason Hartline",
          ],
          "schedules": Array [
            Object {
              "location": "Some building",
            },
          ],
          "sectionNumber": 20,
        }
      }
    />
    <SectionResult
      addSection={[Function]}
      disabled={false}
      section={
        Object {
          "id": "2",
          "instructors": Array [
            "Ian Horswill",
            "Vincent St-Amour",
          ],
          "schedules": Array [
            Object {
              "location": "Some other building",
            },
          ],
          "sectionNumber": 21,
        }
      }
    />
  </ForwardRef(WithStyles)>
</div>
`;
