// Jest Snapshot v1, https://goo.gl/fbAQLP

exports[`ContactPage should render correctly 1`] = `
<div
  className=""
>
  <ForwardRef
    title="Contact Us"
  />
</div>
`;
