// Jest Snapshot v1, https://goo.gl/fbAQLP

exports[`HomePage should render correctly 1`] = `
ShallowWrapper {
  Symbol(enzyme.__root__): [Circular],
  Symbol(enzyme.__unrendered__): <HomePage
    classes={
      Object {
        "overflow": "",
      }
    }
  />,
  Symbol(enzyme.__renderer__): Object {
    "batchedUpdates": [Function],
    "getNode": [Function],
    "render": [Function],
    "simulateError": [Function],
    "simulateEvent": [Function],
    "unmount": [Function],
  },
  Symbol(enzyme.__node__): Object {
    "instance": null,
    "key": undefined,
    "nodeType": "class",
    "props": Object {
      "children": Array [
        <WithStyles(Grid)
          item={true}
          md={9}
          sm={12}
          xs={12}
        >
          <WithStyles(CalendarView) />
        </WithStyles(Grid)>,
        <WithStyles(Grid)
          item={true}
          md={3}
          sm={12}
          xs={12}
        >
          <WithStyles(SidebarView) />
        </WithStyles(Grid)>,
      ],
      "container": true,
    },
    "ref": null,
    "rendered": Array [
      Object {
        "instance": null,
        "key": undefined,
        "nodeType": "class",
        "props": Object {
          "children": <WithStyles(CalendarView) />,
          "className": undefined,
          "item": true,
          "md": 9,
          "sm": 12,
          "xs": 12,
        },
        "ref": null,
        "rendered": Object {
          "instance": null,
          "key": undefined,
          "nodeType": "class",
          "props": Object {},
          "ref": null,
          "rendered": null,
          "type": [Function],
        },
        "type": [Function],
      },
      Object {
        "instance": null,
        "key": undefined,
        "nodeType": "class",
        "props": Object {
          "children": <WithStyles(SidebarView) />,
          "item": true,
          "md": 3,
          "sm": 12,
          "xs": 12,
        },
        "ref": null,
        "rendered": Object {
          "instance": null,
          "key": undefined,
          "nodeType": "class",
          "props": Object {},
          "ref": null,
          "rendered": null,
          "type": [Function],
        },
        "type": [Function],
      },
    ],
    "type": [Function],
  },
  Symbol(enzyme.__nodes__): Array [
    Object {
      "instance": null,
      "key": undefined,
      "nodeType": "class",
      "props": Object {
        "children": Array [
          <WithStyles(Grid)
            item={true}
            md={9}
            sm={12}
            xs={12}
          >
            <WithStyles(CalendarView) />
          </WithStyles(Grid)>,
          <WithStyles(Grid)
            item={true}
            md={3}
            sm={12}
            xs={12}
          >
            <WithStyles(SidebarView) />
          </WithStyles(Grid)>,
        ],
        "container": true,
      },
      "ref": null,
      "rendered": Array [
        Object {
          "instance": null,
          "key": undefined,
          "nodeType": "class",
          "props": Object {
            "children": <WithStyles(CalendarView) />,
            "className": undefined,
            "item": true,
            "md": 9,
            "sm": 12,
            "xs": 12,
          },
          "ref": null,
          "rendered": Object {
            "instance": null,
            "key": undefined,
            "nodeType": "class",
            "props": Object {},
            "ref": null,
            "rendered": null,
            "type": [Function],
          },
          "type": [Function],
        },
        Object {
          "instance": null,
          "key": undefined,
          "nodeType": "class",
          "props": Object {
            "children": <WithStyles(SidebarView) />,
            "item": true,
            "md": 3,
            "sm": 12,
            "xs": 12,
          },
          "ref": null,
          "rendered": Object {
            "instance": null,
            "key": undefined,
            "nodeType": "class",
            "props": Object {},
            "ref": null,
            "rendered": null,
            "type": [Function],
          },
          "type": [Function],
        },
      ],
      "type": [Function],
    },
  ],
  Symbol(enzyme.__options__): Object {
    "adapter": ReactSixteenAdapter {
      "options": Object {
        "enableComponentDidUpdateOnSetState": true,
        "lifecycles": Object {
          "componentDidUpdate": Object {
            "onSetState": true,
          },
          "getDerivedStateFromProps": true,
          "getSnapshotBeforeUpdate": true,
          "setState": Object {
            "skipsComponentDidUpdateOnNullish": true,
          },
        },
      },
    },
    "attachTo": undefined,
    "hydrateIn": undefined,
  },
}
`;
