// Jest Snapshot v1, https://goo.gl/fbAQLP

exports[`Section renders correctly 1`] = `
ShallowWrapper {
  Symbol(enzyme.__root__): [Circular],
  Symbol(enzyme.__unrendered__): <Section
    classes={
      Object {
        "container": "",
        "header": "",
        "name": "",
        "paper": "",
        "text": "",
      }
    }
    leftHeaderContent="Left"
    onClickFn={[Function]}
    rightHeaderContent="Right"
    sectionName="Intro to Whatever"
  />,
  Symbol(enzyme.__renderer__): Object {
    "batchedUpdates": [Function],
    "getNode": [Function],
    "render": [Function],
    "simulateError": [Function],
    "simulateEvent": [Function],
    "unmount": [Function],
  },
  Symbol(enzyme.__node__): Object {
    "instance": null,
    "key": undefined,
    "nodeType": "class",
    "props": Object {
      "children": <div
        className=""
      >
        <div
          className=""
        >
          <WithStyles(Typography)
            className=""
            variant="caption"
          >
            Left
          </WithStyles(Typography)>
          <WithStyles(Typography)
            className=""
            variant="caption"
          >
            Right
          </WithStyles(Typography)>
        </div>
        <WithStyles(Typography)
          className=" "
          noWrap={true}
          variant="subtitle2"
        >
          Intro to Whatever
        </WithStyles(Typography)>
      </div>,
      "className": "",
      "onClick": [Function],
    },
    "ref": null,
    "rendered": Object {
      "instance": null,
      "key": undefined,
      "nodeType": "host",
      "props": Object {
        "children": Array [
          <div
            className=""
          >
            <WithStyles(Typography)
              className=""
              variant="caption"
            >
              Left
            </WithStyles(Typography)>
            <WithStyles(Typography)
              className=""
              variant="caption"
            >
              Right
            </WithStyles(Typography)>
          </div>,
          <WithStyles(Typography)
            className=" "
            noWrap={true}
            variant="subtitle2"
          >
            Intro to Whatever
          </WithStyles(Typography)>,
        ],
        "className": "",
      },
      "ref": null,
      "rendered": Array [
        Object {
          "instance": null,
          "key": undefined,
          "nodeType": "host",
          "props": Object {
            "children": Array [
              <WithStyles(Typography)
                className=""
                variant="caption"
              >
                Left
              </WithStyles(Typography)>,
              <WithStyles(Typography)
                className=""
                variant="caption"
              >
                Right
              </WithStyles(Typography)>,
            ],
            "className": "",
          },
          "ref": null,
          "rendered": Array [
            Object {
              "instance": null,
              "key": undefined,
              "nodeType": "class",
              "props": Object {
                "children": "Left",
                "className": "",
                "variant": "caption",
              },
              "ref": null,
              "rendered": "Left",
              "type": [Function],
            },
            Object {
              "instance": null,
              "key": undefined,
              "nodeType": "class",
              "props": Object {
                "children": "Right",
                "className": "",
                "variant": "caption",
              },
              "ref": null,
              "rendered": "Right",
              "type": [Function],
            },
          ],
          "type": "div",
        },
        Object {
          "instance": null,
          "key": undefined,
          "nodeType": "class",
          "props": Object {
            "children": "Intro to Whatever",
            "className": " ",
            "noWrap": true,
            "variant": "subtitle2",
          },
          "ref": null,
          "rendered": "Intro to Whatever",
          "type": [Function],
        },
      ],
      "type": "div",
    },
    "type": [Function],
  },
  Symbol(enzyme.__nodes__): Array [
    Object {
      "instance": null,
      "key": undefined,
      "nodeType": "class",
      "props": Object {
        "children": <div
          className=""
        >
          <div
            className=""
          >
            <WithStyles(Typography)
              className=""
              variant="caption"
            >
              Left
            </WithStyles(Typography)>
            <WithStyles(Typography)
              className=""
              variant="caption"
            >
              Right
            </WithStyles(Typography)>
          </div>
          <WithStyles(Typography)
            className=" "
            noWrap={true}
            variant="subtitle2"
          >
            Intro to Whatever
          </WithStyles(Typography)>
        </div>,
        "className": "",
        "onClick": [Function],
      },
      "ref": null,
      "rendered": Object {
        "instance": null,
        "key": undefined,
        "nodeType": "host",
        "props": Object {
          "children": Array [
            <div
              className=""
            >
              <WithStyles(Typography)
                className=""
                variant="caption"
              >
                Left
              </WithStyles(Typography)>
              <WithStyles(Typography)
                className=""
                variant="caption"
              >
                Right
              </WithStyles(Typography)>
            </div>,
            <WithStyles(Typography)
              className=" "
              noWrap={true}
              variant="subtitle2"
            >
              Intro to Whatever
            </WithStyles(Typography)>,
          ],
          "className": "",
        },
        "ref": null,
        "rendered": Array [
          Object {
            "instance": null,
            "key": undefined,
            "nodeType": "host",
            "props": Object {
              "children": Array [
                <WithStyles(Typography)
                  className=""
                  variant="caption"
                >
                  Left
                </WithStyles(Typography)>,
                <WithStyles(Typography)
                  className=""
                  variant="caption"
                >
                  Right
                </WithStyles(Typography)>,
              ],
              "className": "",
            },
            "ref": null,
            "rendered": Array [
              Object {
                "instance": null,
                "key": undefined,
                "nodeType": "class",
                "props": Object {
                  "children": "Left",
                  "className": "",
                  "variant": "caption",
                },
                "ref": null,
                "rendered": "Left",
                "type": [Function],
              },
              Object {
                "instance": null,
                "key": undefined,
                "nodeType": "class",
                "props": Object {
                  "children": "Right",
                  "className": "",
                  "variant": "caption",
                },
                "ref": null,
                "rendered": "Right",
                "type": [Function],
              },
            ],
            "type": "div",
          },
          Object {
            "instance": null,
            "key": undefined,
            "nodeType": "class",
            "props": Object {
              "children": "Intro to Whatever",
              "className": " ",
              "noWrap": true,
              "variant": "subtitle2",
            },
            "ref": null,
            "rendered": "Intro to Whatever",
            "type": [Function],
          },
        ],
        "type": "div",
      },
      "type": [Function],
    },
  ],
  Symbol(enzyme.__options__): Object {
    "adapter": ReactSixteenAdapter {
      "options": Object {
        "enableComponentDidUpdateOnSetState": true,
        "lifecycles": Object {
          "componentDidUpdate": Object {
            "onSetState": true,
          },
          "getDerivedStateFromProps": true,
          "getSnapshotBeforeUpdate": true,
          "setState": Object {
            "skipsComponentDidUpdateOnNullish": true,
          },
        },
      },
    },
    "attachTo": undefined,
    "hydrateIn": undefined,
  },
}
`;
