// Jest Snapshot v1, https://goo.gl/fbAQLP

exports[`Schools renders correctly 1`] = `
ShallowWrapper {
  Symbol(enzyme.__root__): [Circular],
  Symbol(enzyme.__unrendered__): <Schools
    classes={
      Object {
        "loadingContainer": "",
      }
    }
    isFetching={false}
    schools={
      Array [
        Object {
          "id": "MUSIC",
          "name": "Bienen School of Music",
          "term": "4720",
        },
        Object {
          "id": "MEAS",
          "name": "McCormick School of Engineering and Applied Science",
          "term": "4720",
        },
      ]
    }
  />,
  Symbol(enzyme.__renderer__): Object {
    "batchedUpdates": [Function],
    "getNode": [Function],
    "render": [Function],
    "simulateError": [Function],
    "simulateEvent": [Function],
    "unmount": [Function],
  },
  Symbol(enzyme.__node__): Object {
    "instance": null,
    "key": undefined,
    "nodeType": "host",
    "props": Object {
      "children": <WithStyles(List)>
        <WithStyles(ListItem)
          button={true}
        >
          <WithStyles(ListItemText)
            primary="Bienen School of Music"
          />
        </WithStyles(ListItem)>
        <WithStyles(ListItem)
          button={true}
        >
          <WithStyles(ListItemText)
            primary="McCormick School of Engineering and Applied Science"
          />
        </WithStyles(ListItem)>
      </WithStyles(List)>,
    },
    "ref": null,
    "rendered": Object {
      "instance": null,
      "key": undefined,
      "nodeType": "class",
      "props": Object {
        "children": Array [
          <WithStyles(ListItem)
            button={true}
          >
            <WithStyles(ListItemText)
              primary="Bienen School of Music"
            />
          </WithStyles(ListItem)>,
          <WithStyles(ListItem)
            button={true}
          >
            <WithStyles(ListItemText)
              primary="McCormick School of Engineering and Applied Science"
            />
          </WithStyles(ListItem)>,
        ],
      },
      "ref": null,
      "rendered": Array [
        Object {
          "instance": null,
          "key": "MUSIC",
          "nodeType": "class",
          "props": Object {
            "button": true,
            "children": <WithStyles(ListItemText)
              primary="Bienen School of Music"
            />,
          },
          "ref": null,
          "rendered": Object {
            "instance": null,
            "key": undefined,
            "nodeType": "class",
            "props": Object {
              "primary": "Bienen School of Music",
            },
            "ref": null,
            "rendered": null,
            "type": [Function],
          },
          "type": [Function],
        },
        Object {
          "instance": null,
          "key": "MEAS",
          "nodeType": "class",
          "props": Object {
            "button": true,
            "children": <WithStyles(ListItemText)
              primary="McCormick School of Engineering and Applied Science"
            />,
          },
          "ref": null,
          "rendered": Object {
            "instance": null,
            "key": undefined,
            "nodeType": "class",
            "props": Object {
              "primary": "McCormick School of Engineering and Applied Science",
            },
            "ref": null,
            "rendered": null,
            "type": [Function],
          },
          "type": [Function],
        },
      ],
      "type": [Function],
    },
    "type": "div",
  },
  Symbol(enzyme.__nodes__): Array [
    Object {
      "instance": null,
      "key": undefined,
      "nodeType": "host",
      "props": Object {
        "children": <WithStyles(List)>
          <WithStyles(ListItem)
            button={true}
          >
            <WithStyles(ListItemText)
              primary="Bienen School of Music"
            />
          </WithStyles(ListItem)>
          <WithStyles(ListItem)
            button={true}
          >
            <WithStyles(ListItemText)
              primary="McCormick School of Engineering and Applied Science"
            />
          </WithStyles(ListItem)>
        </WithStyles(List)>,
      },
      "ref": null,
      "rendered": Object {
        "instance": null,
        "key": undefined,
        "nodeType": "class",
        "props": Object {
          "children": Array [
            <WithStyles(ListItem)
              button={true}
            >
              <WithStyles(ListItemText)
                primary="Bienen School of Music"
              />
            </WithStyles(ListItem)>,
            <WithStyles(ListItem)
              button={true}
            >
              <WithStyles(ListItemText)
                primary="McCormick School of Engineering and Applied Science"
              />
            </WithStyles(ListItem)>,
          ],
        },
        "ref": null,
        "rendered": Array [
          Object {
            "instance": null,
            "key": "MUSIC",
            "nodeType": "class",
            "props": Object {
              "button": true,
              "children": <WithStyles(ListItemText)
                primary="Bienen School of Music"
              />,
            },
            "ref": null,
            "rendered": Object {
              "instance": null,
              "key": undefined,
              "nodeType": "class",
              "props": Object {
                "primary": "Bienen School of Music",
              },
              "ref": null,
              "rendered": null,
              "type": [Function],
            },
            "type": [Function],
          },
          Object {
            "instance": null,
            "key": "MEAS",
            "nodeType": "class",
            "props": Object {
              "button": true,
              "children": <WithStyles(ListItemText)
                primary="McCormick School of Engineering and Applied Science"
              />,
            },
            "ref": null,
            "rendered": Object {
              "instance": null,
              "key": undefined,
              "nodeType": "class",
              "props": Object {
                "primary": "McCormick School of Engineering and Applied Science",
              },
              "ref": null,
              "rendered": null,
              "type": [Function],
            },
            "type": [Function],
          },
        ],
        "type": [Function],
      },
      "type": "div",
    },
  ],
  Symbol(enzyme.__options__): Object {
    "adapter": ReactSixteenAdapter {
      "options": Object {
        "enableComponentDidUpdateOnSetState": true,
        "lifecycles": Object {
          "componentDidUpdate": Object {
            "onSetState": true,
          },
          "getDerivedStateFromProps": true,
          "getSnapshotBeforeUpdate": true,
          "setState": Object {
            "skipsComponentDidUpdateOnNullish": true,
          },
        },
      },
    },
    "attachTo": undefined,
    "hydrateIn": undefined,
  },
}
`;

exports[`Schools renders loading correctly 1`] = `
ShallowWrapper {
  Symbol(enzyme.__root__): [Circular],
  Symbol(enzyme.__unrendered__): <Schools
    classes={
      Object {
        "loadingContainer": "",
      }
    }
    isFetching={true}
    schools={
      Array [
        Object {
          "id": "MUSIC",
          "name": "Bienen School of Music",
          "term": "4720",
        },
        Object {
          "id": "MEAS",
          "name": "McCormick School of Engineering and Applied Science",
          "term": "4720",
        },
      ]
    }
  />,
  Symbol(enzyme.__renderer__): Object {
    "batchedUpdates": [Function],
    "getNode": [Function],
    "render": [Function],
    "simulateError": [Function],
    "simulateEvent": [Function],
    "unmount": [Function],
  },
  Symbol(enzyme.__node__): Object {
    "instance": null,
    "key": undefined,
    "nodeType": "host",
    "props": Object {
      "children": <WithStyles(CircularProgress) />,
      "className": "",
    },
    "ref": null,
    "rendered": Object {
      "instance": null,
      "key": undefined,
      "nodeType": "class",
      "props": Object {},
      "ref": null,
      "rendered": null,
      "type": [Function],
    },
    "type": "div",
  },
  Symbol(enzyme.__nodes__): Array [
    Object {
      "instance": null,
      "key": undefined,
      "nodeType": "host",
      "props": Object {
        "children": <WithStyles(CircularProgress) />,
        "className": "",
      },
      "ref": null,
      "rendered": Object {
        "instance": null,
        "key": undefined,
        "nodeType": "class",
        "props": Object {},
        "ref": null,
        "rendered": null,
        "type": [Function],
      },
      "type": "div",
    },
  ],
  Symbol(enzyme.__options__): Object {
    "adapter": ReactSixteenAdapter {
      "options": Object {
        "enableComponentDidUpdateOnSetState": true,
        "lifecycles": Object {
          "componentDidUpdate": Object {
            "onSetState": true,
          },
          "getDerivedStateFromProps": true,
          "getSnapshotBeforeUpdate": true,
          "setState": Object {
            "skipsComponentDidUpdateOnNullish": true,
          },
        },
      },
    },
    "attachTo": undefined,
    "hydrateIn": undefined,
  },
}
`;
