// Jest Snapshot v1, https://goo.gl/fbAQLP

exports[`SectionSelection renders correctly 1`] = `
ShallowWrapper {
  Symbol(enzyme.__root__): [Circular],
  Symbol(enzyme.__unrendered__): <SectionSelection
    back={[Function]}
    classes={
      Object {
        "divider": "",
        "sectionsRoot": "",
        "title": "",
      }
    }
    currentCourseName="EECS 101-0"
    scheduledSections={Array []}
    sections={
      Array [
        Object {
          "id": "1",
          "instructors": Array [
            "Jason Hartline",
          ],
          "schedule": Array [
            Object {
              "location": "Some building",
            },
          ],
          "sectionNumber": 20,
        },
        Object {
          "id": "2",
          "instructors": Array [
            "Ian Horswill",
            "Vincent St-Amour",
          ],
          "schedule": Array [
            Object {
              "location": "Some other building",
            },
          ],
          "sectionNumber": 21,
        },
      ]
    }
  />,
  Symbol(enzyme.__renderer__): Object {
    "batchedUpdates": [Function],
    "getNode": [Function],
    "render": [Function],
    "simulateError": [Function],
    "simulateEvent": [Function],
    "unmount": [Function],
  },
  Symbol(enzyme.__node__): Object {
    "instance": null,
    "key": undefined,
    "nodeType": "host",
    "props": Object {
      "children": Array [
        <WithStyles(SidebarHeader)
          back={[Function]}
          title="EECS 101-0"
        />,
        <WithStyles(List)>
          <Connect(Component)
            disabled={false}
            section={
              Object {
                "id": "1",
                "instructors": Array [
                  "Jason Hartline",
                ],
                "schedule": Array [
                  Object {
                    "location": "Some building",
                  },
                ],
                "sectionNumber": 20,
              }
            }
          />
          <Connect(Component)
            disabled={false}
            section={
              Object {
                "id": "2",
                "instructors": Array [
                  "Ian Horswill",
                  "Vincent St-Amour",
                ],
                "schedule": Array [
                  Object {
                    "location": "Some other building",
                  },
                ],
                "sectionNumber": 21,
              }
            }
          />
        </WithStyles(List)>,
      ],
      "className": "",
    },
    "ref": null,
    "rendered": Array [
      Object {
        "instance": null,
        "key": undefined,
        "nodeType": "class",
        "props": Object {
          "back": [Function],
          "title": "EECS 101-0",
        },
        "ref": null,
        "rendered": null,
        "type": [Function],
      },
      Object {
        "instance": null,
        "key": undefined,
        "nodeType": "class",
        "props": Object {
          "children": Array [
            <Connect(Component)
              disabled={false}
              section={
                Object {
                  "id": "1",
                  "instructors": Array [
                    "Jason Hartline",
                  ],
                  "schedule": Array [
                    Object {
                      "location": "Some building",
                    },
                  ],
                  "sectionNumber": 20,
                }
              }
            />,
            <Connect(Component)
              disabled={false}
              section={
                Object {
                  "id": "2",
                  "instructors": Array [
                    "Ian Horswill",
                    "Vincent St-Amour",
                  ],
                  "schedule": Array [
                    Object {
                      "location": "Some other building",
                    },
                  ],
                  "sectionNumber": 21,
                }
              }
            />,
          ],
        },
        "ref": null,
        "rendered": Array [
          Object {
            "instance": null,
            "key": "1",
            "nodeType": "class",
            "props": Object {
              "disabled": false,
              "section": Object {
                "id": "1",
                "instructors": Array [
                  "Jason Hartline",
                ],
                "schedule": Array [
                  Object {
                    "location": "Some building",
                  },
                ],
                "sectionNumber": 20,
              },
            },
            "ref": null,
            "rendered": null,
            "type": [Function],
          },
          Object {
            "instance": null,
            "key": "2",
            "nodeType": "class",
            "props": Object {
              "disabled": false,
              "section": Object {
                "id": "2",
                "instructors": Array [
                  "Ian Horswill",
                  "Vincent St-Amour",
                ],
                "schedule": Array [
                  Object {
                    "location": "Some other building",
                  },
                ],
                "sectionNumber": 21,
              },
            },
            "ref": null,
            "rendered": null,
            "type": [Function],
          },
        ],
        "type": [Function],
      },
    ],
    "type": "div",
  },
  Symbol(enzyme.__nodes__): Array [
    Object {
      "instance": null,
      "key": undefined,
      "nodeType": "host",
      "props": Object {
        "children": Array [
          <WithStyles(SidebarHeader)
            back={[Function]}
            title="EECS 101-0"
          />,
          <WithStyles(List)>
            <Connect(Component)
              disabled={false}
              section={
                Object {
                  "id": "1",
                  "instructors": Array [
                    "Jason Hartline",
                  ],
                  "schedule": Array [
                    Object {
                      "location": "Some building",
                    },
                  ],
                  "sectionNumber": 20,
                }
              }
            />
            <Connect(Component)
              disabled={false}
              section={
                Object {
                  "id": "2",
                  "instructors": Array [
                    "Ian Horswill",
                    "Vincent St-Amour",
                  ],
                  "schedule": Array [
                    Object {
                      "location": "Some other building",
                    },
                  ],
                  "sectionNumber": 21,
                }
              }
            />
          </WithStyles(List)>,
        ],
        "className": "",
      },
      "ref": null,
      "rendered": Array [
        Object {
          "instance": null,
          "key": undefined,
          "nodeType": "class",
          "props": Object {
            "back": [Function],
            "title": "EECS 101-0",
          },
          "ref": null,
          "rendered": null,
          "type": [Function],
        },
        Object {
          "instance": null,
          "key": undefined,
          "nodeType": "class",
          "props": Object {
            "children": Array [
              <Connect(Component)
                disabled={false}
                section={
                  Object {
                    "id": "1",
                    "instructors": Array [
                      "Jason Hartline",
                    ],
                    "schedule": Array [
                      Object {
                        "location": "Some building",
                      },
                    ],
                    "sectionNumber": 20,
                  }
                }
              />,
              <Connect(Component)
                disabled={false}
                section={
                  Object {
                    "id": "2",
                    "instructors": Array [
                      "Ian Horswill",
                      "Vincent St-Amour",
                    ],
                    "schedule": Array [
                      Object {
                        "location": "Some other building",
                      },
                    ],
                    "sectionNumber": 21,
                  }
                }
              />,
            ],
          },
          "ref": null,
          "rendered": Array [
            Object {
              "instance": null,
              "key": "1",
              "nodeType": "class",
              "props": Object {
                "disabled": false,
                "section": Object {
                  "id": "1",
                  "instructors": Array [
                    "Jason Hartline",
                  ],
                  "schedule": Array [
                    Object {
                      "location": "Some building",
                    },
                  ],
                  "sectionNumber": 20,
                },
              },
              "ref": null,
              "rendered": null,
              "type": [Function],
            },
            Object {
              "instance": null,
              "key": "2",
              "nodeType": "class",
              "props": Object {
                "disabled": false,
                "section": Object {
                  "id": "2",
                  "instructors": Array [
                    "Ian Horswill",
                    "Vincent St-Amour",
                  ],
                  "schedule": Array [
                    Object {
                      "location": "Some other building",
                    },
                  ],
                  "sectionNumber": 21,
                },
              },
              "ref": null,
              "rendered": null,
              "type": [Function],
            },
          ],
          "type": [Function],
        },
      ],
      "type": "div",
    },
  ],
  Symbol(enzyme.__options__): Object {
    "adapter": ReactSixteenAdapter {
      "options": Object {
        "enableComponentDidUpdateOnSetState": true,
        "lifecycles": Object {
          "componentDidUpdate": Object {
            "onSetState": true,
          },
          "getDerivedStateFromProps": true,
          "getSnapshotBeforeUpdate": true,
          "setState": Object {
            "skipsComponentDidUpdateOnNullish": true,
          },
        },
      },
    },
    "attachTo": undefined,
    "hydrateIn": undefined,
  },
}
`;
