// Jest Snapshot v1, https://goo.gl/fbAQLP

exports[`Testing Utils wrapperCreator creates a wrapper creator function 1`] = `<div />`;
