// Jest Snapshot v1, https://goo.gl/fbAQLP

exports[`BrowseSectionSelectionContainer renders correctly 1`] = `
<ForwardRef(WithStyles)
  addSection={[Function]}
  back={[Function]}
  currentCourseName="course name"
  scheduledSections={Array []}
  sections={Array []}
/>
`;
