// Jest Snapshot v1, https://goo.gl/fbAQLP

exports[`Subjects renders correctly 1`] = `
<div>
  <ForwardRef(WithStyles)>
    <ForwardRef(WithStyles)
      button={true}
      onClick={[Function]}
    >
      <ForwardRef(WithStyles)
        primary="EECS - undefined"
      />
    </ForwardRef(WithStyles)>
  </ForwardRef(WithStyles)>
</div>
`;

exports[`Subjects renders correctly when fetching 1`] = `
<div
  className=""
>
  <ForwardRef(WithStyles) />
</div>
`;
