// Jest Snapshot v1, https://goo.gl/fbAQLP

exports[`SearchSectionSelectionContainer renders correctly 1`] = `
<SectionSelection
  addSection={[Function]}
  back={[Function]}
  currentCourseName="course name"
  scheduledSections={Array []}
  sections={Array []}
/>
`;
